2025-01-20 14:32:18,853 - Train - INFO - Training started
2025-01-20 14:32:18,853 - Train - INFO - Loading dataset from /Users/user/PycharmProjects/frozen-in-time/saves/data/preprocessed_datasets/train.csv
2025-01-20 14:36:46,812 - Train - INFO - Training started
2025-01-20 14:36:46,812 - Train - INFO - Loading dataset from /Users/user/PycharmProjects/frozen-in-time/data/UcfCap/train.csv
2025-01-20 14:37:40,780 - Train - INFO - Training started
2025-01-20 14:37:40,780 - Train - INFO - Loading dataset from /Users/user/PycharmProjects/frozen-in-time/data/UcfCap/train_dataset.csv
2025-01-20 14:37:40,916 - Train - INFO - Total Trainable Parameters: 38559747
2025-01-20 14:37:40,916 - Train - INFO - Device model: cpu
2025-01-20 14:37:44,986 - Train - INFO - SpaceTimeTransformer(
  (patch_embed): VideoPatchEmbed(
    (proj): Conv2d(3, 768, kernel_size=(16, 16), stride=(16, 16))
  )
  (pos_drop): Dropout(p=0.0, inplace=False)
  (blocks): ModuleList(
    (0-3): 4 x SpaceTimeBlock(
      (norm1): LayerNorm((768,), eps=1e-06, elementwise_affine=True)
      (attn): VarAttention(
        (qkv): Linear(in_features=768, out_features=2304, bias=True)
        (proj): Linear(in_features=768, out_features=768, bias=True)
        (attn_drop): Dropout(p=0.0, inplace=False)
        (proj_drop): Dropout(p=0.0, inplace=False)
      )
      (timeattn): VarAttention(
        (qkv): Linear(in_features=768, out_features=2304, bias=True)
        (proj): Linear(in_features=768, out_features=768, bias=True)
        (attn_drop): Dropout(p=0.0, inplace=False)
        (proj_drop): Dropout(p=0.0, inplace=False)
      )
      (drop_path): Identity()
      (norm2): LayerNorm((768,), eps=1e-06, elementwise_affine=True)
      (mlp): Mlp(
        (fc1): Linear(in_features=768, out_features=3072, bias=True)
        (act): GELU(approximate='none')
        (fc2): Linear(in_features=3072, out_features=768, bias=True)
        (drop): Dropout(p=0.0, inplace=False)
      )
      (norm3): LayerNorm((768,), eps=1e-06, elementwise_affine=True)
    )
  )
  (norm): LayerNorm((768,), eps=1e-06, elementwise_affine=True)
  (pre_logits): Identity()
  (head): Linear(in_features=768, out_features=3, bias=True)
)
2025-01-20 14:44:26,266 - Evaluation - INFO - Evaluation started
2025-01-20 14:44:26,269 - Evaluation - INFO - Loading dataset from /Users/user/PycharmProjects/frozen-in-time/data/UcfCap/test_dataset.csv
2025-01-30 16:40:11,920 - Train - INFO - Training started
2025-01-30 16:40:11,921 - Train - INFO - Loading dataset from /Users/user/PycharmProjects/frozen-in-time/data/UcfCap/train_dataset.csv
2025-01-30 16:40:12,060 - Train - INFO - Total Trainable Parameters: 38572812
2025-01-30 16:40:12,060 - Train - INFO - Device model: cpu
2025-01-30 16:40:16,548 - Train - INFO - SpaceTimeTransformer(
  (patch_embed): VideoPatchEmbed(
    (proj): Conv2d(3, 768, kernel_size=(16, 16), stride=(16, 16))
  )
  (pos_drop): Dropout(p=0.0, inplace=False)
  (blocks): ModuleList(
    (0-3): 4 x SpaceTimeBlock(
      (norm1): LayerNorm((768,), eps=1e-06, elementwise_affine=True)
      (attn): VarAttention(
        (qkv): Linear(in_features=768, out_features=2304, bias=True)
        (proj): Linear(in_features=768, out_features=768, bias=True)
        (attn_drop): Dropout(p=0.0, inplace=False)
        (proj_drop): Dropout(p=0.0, inplace=False)
      )
      (timeattn): VarAttention(
        (qkv): Linear(in_features=768, out_features=2304, bias=True)
        (proj): Linear(in_features=768, out_features=768, bias=True)
        (attn_drop): Dropout(p=0.0, inplace=False)
        (proj_drop): Dropout(p=0.0, inplace=False)
      )
      (drop_path): Identity()
      (norm2): LayerNorm((768,), eps=1e-06, elementwise_affine=True)
      (mlp): Mlp(
        (fc1): Linear(in_features=768, out_features=3072, bias=True)
        (act): GELU(approximate='none')
        (fc2): Linear(in_features=3072, out_features=768, bias=True)
        (drop): Dropout(p=0.0, inplace=False)
      )
      (norm3): LayerNorm((768,), eps=1e-06, elementwise_affine=True)
    )
  )
  (norm): LayerNorm((768,), eps=1e-06, elementwise_affine=True)
  (pre_logits): Identity()
  (head): Linear(in_features=768, out_features=12, bias=True)
)
2025-01-31 10:01:24,867 - Eval - INFO - Evaluation started for model: spacetime_transformer_ucf101.pth
2025-01-31 10:01:24,869 - Eval - INFO - Loading dataset from /Users/user/PycharmProjects/frozen-in-time/data/UcfCap/test_dataset.csv
2025-01-31 10:03:43,548 - Eval - INFO - Evaluation started for model: spacetime_transformer_ucf101.pth
2025-01-31 10:03:43,549 - Eval - INFO - Loading dataset from /Users/user/PycharmProjects/frozen-in-time/data/UcfCap/test_dataset.csv
2025-01-31 10:04:53,810 - Eval - INFO - Evaluation started for model: spacetime_transformer_ucf101.pth
2025-01-31 10:04:53,810 - Eval - INFO - Loading dataset from /Users/user/PycharmProjects/frozen-in-time/data/UcfCap/test_dataset.csv
2025-01-31 10:05:36,836 - Eval - INFO - Evaluation started for model: spacetime_transformer_ucf101.pth
2025-01-31 10:05:36,836 - Eval - INFO - Loading dataset from /Users/user/PycharmProjects/frozen-in-time/data/UcfCap/test_dataset.csv
2025-01-31 10:06:25,644 - Eval - INFO - Evaluation started for model: spacetime_transformer_ucf101.pth
2025-01-31 10:06:25,644 - Eval - INFO - Loading dataset from /Users/user/PycharmProjects/frozen-in-time/data/UcfCap/test_dataset.csv
2025-01-31 10:07:04,349 - Eval - INFO - Evaluation started for model: spacetime_transformer_ucf101.pth
2025-01-31 10:07:04,350 - Eval - INFO - Loading dataset from /Users/user/PycharmProjects/frozen-in-time/data/UcfCap/test_dataset.csv
2025-01-31 10:10:51,850 - Eval - INFO - Evaluation started for model: spacetime_transformer_ucf101.pth
2025-01-31 10:10:51,851 - Eval - INFO - Loading dataset from /Users/user/PycharmProjects/frozen-in-time/data/UcfCap/test_dataset.csv
2025-01-31 10:11:56,456 - Eval - INFO - Evaluation started for model: spacetime_transformer_ucf101.pth
2025-01-31 10:11:56,457 - Eval - INFO - Loading dataset from /Users/user/PycharmProjects/frozen-in-time/data/UcfCap/test_dataset.csv
2025-01-31 10:12:42,552 - Eval - INFO - Evaluation started for model: spacetime_transformer_ucf101.pth
2025-01-31 10:12:42,553 - Eval - INFO - Loading dataset from /Users/user/PycharmProjects/frozen-in-time/data/UcfCap/test_dataset.csv
2025-01-31 10:13:30,773 - Eval - INFO - Evaluation started for model: spacetime_transformer_ucf101.pth
2025-01-31 10:13:30,773 - Eval - INFO - Loading dataset from /Users/user/PycharmProjects/frozen-in-time/data/UcfCap/test_dataset.csv
2025-01-31 10:22:27,680 - Eval - INFO - Evaluation started for model: spacetime_transformer_ucf101.pth
2025-01-31 10:22:27,681 - Eval - INFO - Loading dataset from /Users/user/PycharmProjects/frozen-in-time/data/UcfCap/test_dataset.csv
2025-01-31 10:23:12,249 - Eval - INFO - Evaluation started for model: spacetime_transformer_ucf101.pth
2025-01-31 10:23:12,250 - Eval - INFO - Loading dataset from /Users/user/PycharmProjects/frozen-in-time/data/UcfCap/test_dataset.csv
2025-01-31 10:24:33,331 - Eval - INFO - Evaluation started for model: spacetime_transformer_ucf101.pth
2025-01-31 10:24:33,331 - Eval - INFO - Loading dataset from /Users/user/PycharmProjects/frozen-in-time/data/UcfCap/test_dataset.csv
2025-01-31 10:27:54,916 - Eval - INFO - Evaluation started for model: spacetime_transformer_ucf101.pth
2025-01-31 10:27:54,917 - Eval - INFO - Loading dataset from /Users/user/PycharmProjects/frozen-in-time/data/UcfCap/test_dataset.csv
2025-01-31 10:29:15,349 - Eval - INFO - [INFO] Classification Metrics
2025-01-31 10:38:23,336 - Eval - INFO - Evaluation started for model: spacetime_transformer_ucf101.pth
2025-01-31 10:38:23,337 - Eval - INFO - Loading dataset from /Users/user/PycharmProjects/frozen-in-time/data/UcfCap/test_dataset.csv
2025-01-31 10:42:09,549 - Eval - INFO - Evaluation started for model: spacetime_transformer_ucf101.pth
2025-01-31 10:42:09,550 - Eval - INFO - Loading dataset from /Users/user/PycharmProjects/frozen-in-time/data/UcfCap/test_dataset.csv
2025-01-31 11:23:59,969 - Eval - INFO - Evaluation started for model: spacetime_transformer_ucf101.pth
2025-01-31 11:23:59,970 - Eval - INFO - Loading dataset from /Users/user/PycharmProjects/frozen-in-time/data/UcfCap/test_dataset.csv
2025-02-03 15:58:19,256 - Eval - INFO - Evaluation started for model: spacetime_transformer_ucf101.pth
2025-02-03 15:58:19,258 - Eval - INFO - Loading dataset from /Users/user/PycharmProjects/frozen-in-time/data/UcfCap/test_dataset.csv
2025-02-03 15:58:40,926 - Eval - INFO - Evaluation started for model: spacetime_transformer_ucf101.pth
2025-02-03 15:58:40,926 - Eval - INFO - Loading dataset from /Users/user/PycharmProjects/frozen-in-time/data/UcfCap/test_dataset.csv
2025-02-03 15:59:15,890 - Eval - INFO - Evaluation started for model: spacetime_transformer_ucf101.pth
2025-02-03 15:59:15,890 - Eval - INFO - Loading dataset from /Users/user/PycharmProjects/frozen-in-time/data/UcfCap/test_dataset.csv
2025-02-03 16:00:47,157 - Eval - INFO - Evaluation started for model: spacetime_transformer_ucf101.pth
2025-02-03 16:00:47,157 - Eval - INFO - Loading dataset from /Users/user/PycharmProjects/frozen-in-time/data/UcfCap/test_dataset.csv
2025-02-03 16:01:51,772 - Eval - INFO - Evaluation started for model: spacetime_transformer_ucf101.pth
2025-02-03 16:01:51,773 - Eval - INFO - Loading dataset from /Users/user/PycharmProjects/frozen-in-time/data/UcfCap/test_dataset.csv
2025-02-03 16:02:42,177 - Eval - INFO - Evaluation started for model: spacetime_transformer_ucf101.pth
2025-02-03 16:02:42,177 - Eval - INFO - Loading dataset from /Users/user/PycharmProjects/frozen-in-time/data/UcfCap/test_dataset.csv
2025-02-03 16:03:03,440 - Eval - INFO - Evaluation started for model: spacetime_transformer_ucf101.pth
2025-02-03 16:03:03,440 - Eval - INFO - Loading dataset from /Users/user/PycharmProjects/frozen-in-time/data/UcfCap/test_dataset.csv
2025-02-03 16:08:57,404 - Eval - INFO - Evaluation started for model: spacetime_transformer_ucf101.pth
2025-02-03 16:08:57,405 - Eval - INFO - Loading dataset from /Users/user/PycharmProjects/frozen-in-time/data/UcfCap/test_dataset.csv
2025-02-03 16:09:31,600 - Eval - INFO - Evaluation started for model: spacetime_transformer_ucf101.pth
2025-02-03 16:09:31,600 - Eval - INFO - Loading dataset from /Users/user/PycharmProjects/frozen-in-time/data/UcfCap/test_dataset.csv
2025-02-03 16:13:40,935 - Eval - INFO - Evaluation started for model: spacetime_transformer_ucf101.pth
2025-02-03 16:13:40,935 - Eval - INFO - Loading dataset from /Users/user/PycharmProjects/frozen-in-time/data/UcfCap/test_dataset.csv
2025-02-03 16:14:39,022 - Eval - INFO - Evaluation started for model: spacetime_transformer_ucf101.pth
2025-02-03 16:14:39,024 - Eval - INFO - Loading dataset from /Users/user/PycharmProjects/frozen-in-time/data/UcfCap/test_dataset.csv
2025-02-03 16:15:06,307 - Eval - INFO - Evaluation started for model: spacetime_transformer_ucf101.pth
2025-02-03 16:15:06,307 - Eval - INFO - Loading dataset from /Users/user/PycharmProjects/frozen-in-time/data/UcfCap/test_dataset.csv
2025-02-03 16:15:26,173 - Eval - INFO - Evaluation started for model: spacetime_transformer_ucf101.pth
2025-02-03 16:15:26,173 - Eval - INFO - Loading dataset from /Users/user/PycharmProjects/frozen-in-time/data/UcfCap/test_dataset.csv
2025-02-03 16:15:53,311 - Eval - INFO - Evaluation started for model: spacetime_transformer_ucf101.pth
2025-02-03 16:15:53,311 - Eval - INFO - Loading dataset from /Users/user/PycharmProjects/frozen-in-time/data/UcfCap/test_dataset.csv
2025-02-03 16:15:58,166 - Eval - INFO - [INFO] Classification Metrics
2025-02-03 16:16:41,964 - Eval - INFO - Evaluation started for model: spacetime_transformer_ucf101.pth
2025-02-03 16:16:41,965 - Eval - INFO - Loading dataset from /Users/user/PycharmProjects/frozen-in-time/data/UcfCap/test_dataset.csv
2025-02-03 16:17:25,526 - Eval - INFO - [INFO] Classification Metrics
2025-02-03 16:17:35,772 - Eval - INFO - Evaluation started for model: spacetime_transformer_ucf101.pth
2025-02-03 16:17:35,772 - Eval - INFO - Loading dataset from /Users/user/PycharmProjects/frozen-in-time/data/UcfCap/test_dataset.csv
2025-02-03 16:18:44,055 - Eval - INFO - Evaluation started for model: spacetime_transformer_ucf101.pth
2025-02-03 16:18:44,055 - Eval - INFO - Loading dataset from /Users/user/PycharmProjects/frozen-in-time/data/UcfCap/test_dataset.csv
2025-02-03 16:25:47,724 - Eval - INFO - Evaluation started for model: spacetime_transformer_ucf101.pth
2025-02-03 16:25:47,725 - Eval - INFO - Loading dataset from /Users/user/PycharmProjects/frozen-in-time/data/UcfCap/test_dataset.csv
2025-02-03 16:27:15,930 - Eval - INFO - Evaluation started for model: spacetime_transformer_ucf101.pth
2025-02-03 16:27:15,930 - Eval - INFO - Loading dataset from /Users/user/PycharmProjects/frozen-in-time/data/UcfCap/test_dataset.csv
2025-02-03 16:27:57,019 - Eval - INFO - Evaluation started for model: spacetime_transformer_ucf101.pth
2025-02-03 16:27:57,023 - Eval - INFO - Loading dataset from /Users/user/PycharmProjects/frozen-in-time/data/UcfCap/test_dataset.csv
2025-02-03 16:29:19,940 - Eval - INFO - Evaluation started for model: spacetime_transformer_ucf101.pth
2025-02-03 16:29:19,940 - Eval - INFO - Loading dataset from /Users/user/PycharmProjects/frozen-in-time/data/UcfCap/test_dataset.csv
2025-02-03 16:31:50,784 - Eval - INFO - Evaluation started for model: spacetime_transformer_ucf101.pth
2025-02-03 16:31:50,784 - Eval - INFO - Loading dataset from /Users/user/PycharmProjects/frozen-in-time/data/UcfCap/test_dataset.csv
2025-02-03 16:55:39,782 - Eval - INFO - Evaluation started for model: spacetime_transformer_ucf101.pth
2025-02-03 16:55:39,783 - Eval - INFO - Loading dataset from /Users/user/PycharmProjects/frozen-in-time/data/UcfCap/test_dataset.csv
2025-02-03 16:55:46,053 - Eval - INFO - [INFO] Classification Metrics
2025-02-04 16:49:21,661 - Eval - INFO - Evaluation started for model: spacetime_transformer_ucf101.pth
2025-02-04 16:49:21,662 - Eval - INFO - Loading dataset from /Users/user/PycharmProjects/frozen-in-time/data/UcfCap/test_dataset.csv
2025-02-04 16:49:26,130 - Eval - INFO - [INFO] Classification Metrics
2025-02-04 16:51:02,382 - Eval - INFO - Evaluation started for model: spacetime_transformer_ucf101.pth
2025-02-04 16:51:02,383 - Eval - INFO - Loading dataset from /Users/user/PycharmProjects/frozen-in-time/data/UcfCap/test_dataset.csv
2025-02-04 16:55:41,370 - Eval - INFO - Evaluation started for model: spacetime_transformer_ucf101.pth
2025-02-04 16:55:41,371 - Eval - INFO - Loading dataset from /Users/user/PycharmProjects/frozen-in-time/data/UcfCap/test_dataset.csv
2025-02-04 16:56:22,457 - Eval - INFO - Evaluation started for model: spacetime_transformer_ucf101.pth
2025-02-04 16:56:22,457 - Eval - INFO - Loading dataset from /Users/user/PycharmProjects/frozen-in-time/data/UcfCap/test_dataset.csv
2025-02-04 16:58:56,790 - Eval - INFO - Evaluation started for model: spacetime_transformer_ucf101.pth
2025-02-04 16:58:56,790 - Eval - INFO - Loading dataset from /Users/user/PycharmProjects/frozen-in-time/data/UcfCap/test_dataset.csv
2025-02-04 17:06:24,973 - Eval - INFO - Evaluation started for model: spacetime_transformer_ucf101.pth
2025-02-04 17:06:24,973 - Eval - INFO - Loading dataset from /Users/user/PycharmProjects/frozen-in-time/data/UcfCap/test_dataset.csv
2025-02-04 17:12:45,553 - Eval - INFO - Evaluation started for model: spacetime_transformer_ucf101.pth
2025-02-04 17:12:45,554 - Eval - INFO - Loading dataset from /Users/user/PycharmProjects/frozen-in-time/data/UcfCap/test_dataset.csv
2025-02-04 17:14:21,973 - Eval - INFO - Evaluation started for model: spacetime_transformer_ucf101.pth
2025-02-04 17:14:21,973 - Eval - INFO - Loading dataset from /Users/user/PycharmProjects/frozen-in-time/data/UcfCap/test_dataset.csv
2025-02-04 17:16:54,175 - Eval - INFO - Evaluation started for model: spacetime_transformer_ucf101.pth
2025-02-04 17:16:54,175 - Eval - INFO - Loading dataset from /Users/user/PycharmProjects/frozen-in-time/data/UcfCap/test_dataset.csv
2025-02-04 17:17:50,753 - Eval - INFO - Evaluation started for model: spacetime_transformer_ucf101.pth
2025-02-04 17:17:50,753 - Eval - INFO - Loading dataset from /Users/user/PycharmProjects/frozen-in-time/data/UcfCap/test_dataset.csv
2025-02-04 17:19:59,441 - Eval - INFO - Evaluation started for model: spacetime_transformer_ucf101.pth
2025-02-04 17:19:59,442 - Eval - INFO - Loading dataset from /Users/user/PycharmProjects/frozen-in-time/data/UcfCap/test_dataset.csv
2025-02-04 17:20:57,659 - Eval - INFO - Evaluation started for model: spacetime_transformer_ucf101.pth
2025-02-04 17:20:57,659 - Eval - INFO - Loading dataset from /Users/user/PycharmProjects/frozen-in-time/data/UcfCap/test_dataset.csv
2025-02-04 17:22:17,743 - Eval - INFO - Evaluation started for model: spacetime_transformer_ucf101.pth
2025-02-04 17:22:17,744 - Eval - INFO - Loading dataset from /Users/user/PycharmProjects/frozen-in-time/data/UcfCap/test_dataset.csv
2025-02-10 15:04:17,202 - Eval - INFO - Evaluation started for model: spacetime_transformer_ucf101.pth
2025-02-10 15:04:17,203 - Eval - INFO - Loading dataset from /Users/user/PycharmProjects/frozen-in-time/data/UcfCap/test_dataset.csv
2025-02-10 15:04:27,830 - Eval - INFO - [INFO] Classification Metrics
2025-02-10 15:12:52,017 - Train - INFO - Training started for model: space_time_ciccio_10-02-25
2025-02-10 15:12:52,017 - Train - INFO - Loading model
2025-02-10 15:14:03,164 - Train - INFO - Training started for model: space_time_ciccio_10-02-25
2025-02-10 15:14:03,164 - Train - INFO - Loading model
2025-02-10 15:14:05,104 - Train - INFO - Loading dataset from /Users/user/PycharmProjects/frozen-in-time/data/UcfCap/train_dataset.csv
2025-02-10 15:14:05,112 - Train - INFO - Device model: cpu
2025-02-10 15:14:11,280 - Train - INFO - TimesformerForVideoClassification(
  (timesformer): TimesformerModel(
    (embeddings): TimesformerEmbeddings(
      (patch_embeddings): TimesformerPatchEmbeddings(
        (projection): Conv2d(3, 768, kernel_size=(16, 16), stride=(16, 16))
      )
      (pos_drop): Dropout(p=0.0, inplace=False)
      (time_drop): Dropout(p=0.0, inplace=False)
    )
    (encoder): TimesformerEncoder(
      (layer): ModuleList(
        (0-11): 12 x TimesformerLayer(
          (drop_path): Identity()
          (attention): TimeSformerAttention(
            (attention): TimesformerSelfAttention(
              (qkv): Linear(in_features=768, out_features=2304, bias=True)
              (attn_drop): Dropout(p=0.0, inplace=False)
            )
            (output): TimesformerSelfOutput(
              (dense): Linear(in_features=768, out_features=768, bias=True)
              (dropout): Dropout(p=0.0, inplace=False)
            )
          )
          (intermediate): TimesformerIntermediate(
            (dense): Linear(in_features=768, out_features=3072, bias=True)
            (dropout): Dropout(p=0.0, inplace=False)
            (intermediate_act_fn): GELUActivation()
          )
          (output): TimesformerOutput(
            (dense): Linear(in_features=3072, out_features=768, bias=True)
            (dropout): Dropout(p=0.0, inplace=False)
          )
          (layernorm_before): LayerNorm((768,), eps=1e-06, elementwise_affine=True)
          (layernorm_after): LayerNorm((768,), eps=1e-06, elementwise_affine=True)
          (temporal_layernorm): LayerNorm((768,), eps=1e-06, elementwise_affine=True)
          (temporal_attention): TimeSformerAttention(
            (attention): TimesformerSelfAttention(
              (qkv): Linear(in_features=768, out_features=2304, bias=True)
              (attn_drop): Dropout(p=0.0, inplace=False)
            )
            (output): TimesformerSelfOutput(
              (dense): Linear(in_features=768, out_features=768, bias=True)
              (dropout): Dropout(p=0.0, inplace=False)
            )
          )
          (temporal_dense): Linear(in_features=768, out_features=768, bias=True)
        )
      )
    )
    (layernorm): LayerNorm((768,), eps=1e-06, elementwise_affine=True)
  )
  (classifier): Linear(in_features=768, out_features=12, bias=True)
)
2025-02-10 15:14:51,325 - Train - INFO - Training started for model: space_time_ciccio_10-02-25
2025-02-10 15:14:51,325 - Train - INFO - Loading model
2025-02-10 15:14:53,654 - Train - INFO - Loading dataset from /Users/user/PycharmProjects/frozen-in-time/data/UcfCap/train_dataset.csv
2025-02-10 15:14:53,656 - Train - INFO - Device model: cpu
2025-02-10 15:14:54,002 - Train - INFO - TimesformerForVideoClassification(
  (timesformer): TimesformerModel(
    (embeddings): TimesformerEmbeddings(
      (patch_embeddings): TimesformerPatchEmbeddings(
        (projection): Conv2d(3, 768, kernel_size=(16, 16), stride=(16, 16))
      )
      (pos_drop): Dropout(p=0.0, inplace=False)
      (time_drop): Dropout(p=0.0, inplace=False)
    )
    (encoder): TimesformerEncoder(
      (layer): ModuleList(
        (0-11): 12 x TimesformerLayer(
          (drop_path): Identity()
          (attention): TimeSformerAttention(
            (attention): TimesformerSelfAttention(
              (qkv): Linear(in_features=768, out_features=2304, bias=True)
              (attn_drop): Dropout(p=0.0, inplace=False)
            )
            (output): TimesformerSelfOutput(
              (dense): Linear(in_features=768, out_features=768, bias=True)
              (dropout): Dropout(p=0.0, inplace=False)
            )
          )
          (intermediate): TimesformerIntermediate(
            (dense): Linear(in_features=768, out_features=3072, bias=True)
            (dropout): Dropout(p=0.0, inplace=False)
            (intermediate_act_fn): GELUActivation()
          )
          (output): TimesformerOutput(
            (dense): Linear(in_features=3072, out_features=768, bias=True)
            (dropout): Dropout(p=0.0, inplace=False)
          )
          (layernorm_before): LayerNorm((768,), eps=1e-06, elementwise_affine=True)
          (layernorm_after): LayerNorm((768,), eps=1e-06, elementwise_affine=True)
          (temporal_layernorm): LayerNorm((768,), eps=1e-06, elementwise_affine=True)
          (temporal_attention): TimeSformerAttention(
            (attention): TimesformerSelfAttention(
              (qkv): Linear(in_features=768, out_features=2304, bias=True)
              (attn_drop): Dropout(p=0.0, inplace=False)
            )
            (output): TimesformerSelfOutput(
              (dense): Linear(in_features=768, out_features=768, bias=True)
              (dropout): Dropout(p=0.0, inplace=False)
            )
          )
          (temporal_dense): Linear(in_features=768, out_features=768, bias=True)
        )
      )
    )
    (layernorm): LayerNorm((768,), eps=1e-06, elementwise_affine=True)
  )
  (classifier): Linear(in_features=768, out_features=12, bias=True)
)
2025-02-10 15:19:07,373 - Train - INFO - Training started for model: space_time_facebook/timesformer-base-finetuned-k400_10-02-25
2025-02-10 15:19:07,373 - Train - INFO - Loading model
2025-02-10 15:19:09,884 - Train - INFO - Loading dataset from /Users/user/PycharmProjects/frozen-in-time/data/UcfCap/train_dataset.csv
2025-02-10 15:19:09,900 - Train - INFO - Device model: cpu
2025-02-10 15:19:10,256 - Train - INFO - TimesformerForVideoClassification(
  (timesformer): TimesformerModel(
    (embeddings): TimesformerEmbeddings(
      (patch_embeddings): TimesformerPatchEmbeddings(
        (projection): Conv2d(3, 768, kernel_size=(16, 16), stride=(16, 16))
      )
      (pos_drop): Dropout(p=0.0, inplace=False)
      (time_drop): Dropout(p=0.0, inplace=False)
    )
    (encoder): TimesformerEncoder(
      (layer): ModuleList(
        (0-11): 12 x TimesformerLayer(
          (drop_path): Identity()
          (attention): TimeSformerAttention(
            (attention): TimesformerSelfAttention(
              (qkv): Linear(in_features=768, out_features=2304, bias=True)
              (attn_drop): Dropout(p=0.0, inplace=False)
            )
            (output): TimesformerSelfOutput(
              (dense): Linear(in_features=768, out_features=768, bias=True)
              (dropout): Dropout(p=0.0, inplace=False)
            )
          )
          (intermediate): TimesformerIntermediate(
            (dense): Linear(in_features=768, out_features=3072, bias=True)
            (dropout): Dropout(p=0.0, inplace=False)
            (intermediate_act_fn): GELUActivation()
          )
          (output): TimesformerOutput(
            (dense): Linear(in_features=3072, out_features=768, bias=True)
            (dropout): Dropout(p=0.0, inplace=False)
          )
          (layernorm_before): LayerNorm((768,), eps=1e-06, elementwise_affine=True)
          (layernorm_after): LayerNorm((768,), eps=1e-06, elementwise_affine=True)
          (temporal_layernorm): LayerNorm((768,), eps=1e-06, elementwise_affine=True)
          (temporal_attention): TimeSformerAttention(
            (attention): TimesformerSelfAttention(
              (qkv): Linear(in_features=768, out_features=2304, bias=True)
              (attn_drop): Dropout(p=0.0, inplace=False)
            )
            (output): TimesformerSelfOutput(
              (dense): Linear(in_features=768, out_features=768, bias=True)
              (dropout): Dropout(p=0.0, inplace=False)
            )
          )
          (temporal_dense): Linear(in_features=768, out_features=768, bias=True)
        )
      )
    )
    (layernorm): LayerNorm((768,), eps=1e-06, elementwise_affine=True)
  )
  (classifier): Linear(in_features=768, out_features=12, bias=True)
)
2025-02-10 15:21:55,063 - Train - INFO - Training started for model: space_time_facebook/timesformer-base-finetuned-k400_10-02-25
2025-02-10 15:21:55,064 - Train - INFO - Loading model
2025-02-10 15:21:57,684 - Train - INFO - Loading dataset from /Users/user/PycharmProjects/frozen-in-time/data/UcfCap/train_dataset.csv
2025-02-10 15:21:57,686 - Train - INFO - Device model: cpu
2025-02-10 15:21:58,036 - Train - INFO - TimesformerForVideoClassification(
  (timesformer): TimesformerModel(
    (embeddings): TimesformerEmbeddings(
      (patch_embeddings): TimesformerPatchEmbeddings(
        (projection): Conv2d(3, 768, kernel_size=(16, 16), stride=(16, 16))
      )
      (pos_drop): Dropout(p=0.0, inplace=False)
      (time_drop): Dropout(p=0.0, inplace=False)
    )
    (encoder): TimesformerEncoder(
      (layer): ModuleList(
        (0-11): 12 x TimesformerLayer(
          (drop_path): Identity()
          (attention): TimeSformerAttention(
            (attention): TimesformerSelfAttention(
              (qkv): Linear(in_features=768, out_features=2304, bias=True)
              (attn_drop): Dropout(p=0.0, inplace=False)
            )
            (output): TimesformerSelfOutput(
              (dense): Linear(in_features=768, out_features=768, bias=True)
              (dropout): Dropout(p=0.0, inplace=False)
            )
          )
          (intermediate): TimesformerIntermediate(
            (dense): Linear(in_features=768, out_features=3072, bias=True)
            (dropout): Dropout(p=0.0, inplace=False)
            (intermediate_act_fn): GELUActivation()
          )
          (output): TimesformerOutput(
            (dense): Linear(in_features=3072, out_features=768, bias=True)
            (dropout): Dropout(p=0.0, inplace=False)
          )
          (layernorm_before): LayerNorm((768,), eps=1e-06, elementwise_affine=True)
          (layernorm_after): LayerNorm((768,), eps=1e-06, elementwise_affine=True)
          (temporal_layernorm): LayerNorm((768,), eps=1e-06, elementwise_affine=True)
          (temporal_attention): TimeSformerAttention(
            (attention): TimesformerSelfAttention(
              (qkv): Linear(in_features=768, out_features=2304, bias=True)
              (attn_drop): Dropout(p=0.0, inplace=False)
            )
            (output): TimesformerSelfOutput(
              (dense): Linear(in_features=768, out_features=768, bias=True)
              (dropout): Dropout(p=0.0, inplace=False)
            )
          )
          (temporal_dense): Linear(in_features=768, out_features=768, bias=True)
        )
      )
    )
    (layernorm): LayerNorm((768,), eps=1e-06, elementwise_affine=True)
  )
  (classifier): Linear(in_features=768, out_features=12, bias=True)
)
2025-02-10 15:24:02,014 - Train - INFO - Training started for model: space_time_facebook/timesformer-base-finetuned-k400_10-02-25
2025-02-10 15:24:02,014 - Train - INFO - Loading model
2025-02-10 15:24:04,554 - Train - INFO - Loading dataset from /Users/user/PycharmProjects/frozen-in-time/data/UcfCap/train_dataset.csv
2025-02-10 15:24:04,557 - Train - INFO - Device model: cpu
2025-02-10 15:24:33,217 - Train - INFO - Training started for model: space_time_facebook/timesformer-base-finetuned-k400_10-02-25
2025-02-10 15:24:33,217 - Train - INFO - Loading model
2025-02-10 15:24:35,762 - Train - INFO - Loading dataset from /Users/user/PycharmProjects/frozen-in-time/data/UcfCap/train_dataset.csv
2025-02-10 15:24:35,763 - Train - INFO - Device model: cpu
2025-02-10 15:24:36,267 - Train - INFO - TimesformerForVideoClassification(
  (timesformer): TimesformerModel(
    (embeddings): TimesformerEmbeddings(
      (patch_embeddings): TimesformerPatchEmbeddings(
        (projection): Conv2d(3, 768, kernel_size=(16, 16), stride=(16, 16))
      )
      (pos_drop): Dropout(p=0.0, inplace=False)
      (time_drop): Dropout(p=0.0, inplace=False)
    )
    (encoder): TimesformerEncoder(
      (layer): ModuleList(
        (0-11): 12 x TimesformerLayer(
          (drop_path): Identity()
          (attention): TimeSformerAttention(
            (attention): TimesformerSelfAttention(
              (qkv): Linear(in_features=768, out_features=2304, bias=True)
              (attn_drop): Dropout(p=0.0, inplace=False)
            )
            (output): TimesformerSelfOutput(
              (dense): Linear(in_features=768, out_features=768, bias=True)
              (dropout): Dropout(p=0.0, inplace=False)
            )
          )
          (intermediate): TimesformerIntermediate(
            (dense): Linear(in_features=768, out_features=3072, bias=True)
            (dropout): Dropout(p=0.0, inplace=False)
            (intermediate_act_fn): GELUActivation()
          )
          (output): TimesformerOutput(
            (dense): Linear(in_features=3072, out_features=768, bias=True)
            (dropout): Dropout(p=0.0, inplace=False)
          )
          (layernorm_before): LayerNorm((768,), eps=1e-06, elementwise_affine=True)
          (layernorm_after): LayerNorm((768,), eps=1e-06, elementwise_affine=True)
          (temporal_layernorm): LayerNorm((768,), eps=1e-06, elementwise_affine=True)
          (temporal_attention): TimeSformerAttention(
            (attention): TimesformerSelfAttention(
              (qkv): Linear(in_features=768, out_features=2304, bias=True)
              (attn_drop): Dropout(p=0.0, inplace=False)
            )
            (output): TimesformerSelfOutput(
              (dense): Linear(in_features=768, out_features=768, bias=True)
              (dropout): Dropout(p=0.0, inplace=False)
            )
          )
          (temporal_dense): Linear(in_features=768, out_features=768, bias=True)
        )
      )
    )
    (layernorm): LayerNorm((768,), eps=1e-06, elementwise_affine=True)
  )
  (classifier): Linear(in_features=768, out_features=12, bias=True)
)
2025-02-10 15:36:51,623 - Train - INFO - Training started for model: space_time_facebook/timesformer-base-finetuned-k400_10-02-25
2025-02-10 15:36:51,623 - Train - INFO - Loading model
2025-02-10 15:36:53,612 - Train - INFO - Loading dataset from /Users/user/PycharmProjects/frozen-in-time/data/UcfCap/train_dataset.csv
2025-02-10 15:36:53,613 - Train - INFO - Device model: cpu
2025-02-10 15:36:53,895 - Train - INFO - TimesformerForVideoClassification(
  (timesformer): TimesformerModel(
    (embeddings): TimesformerEmbeddings(
      (patch_embeddings): TimesformerPatchEmbeddings(
        (projection): Conv2d(3, 768, kernel_size=(16, 16), stride=(16, 16))
      )
      (pos_drop): Dropout(p=0.0, inplace=False)
      (time_drop): Dropout(p=0.0, inplace=False)
    )
    (encoder): TimesformerEncoder(
      (layer): ModuleList(
        (0-11): 12 x TimesformerLayer(
          (drop_path): Identity()
          (attention): TimeSformerAttention(
            (attention): TimesformerSelfAttention(
              (qkv): Linear(in_features=768, out_features=2304, bias=True)
              (attn_drop): Dropout(p=0.0, inplace=False)
            )
            (output): TimesformerSelfOutput(
              (dense): Linear(in_features=768, out_features=768, bias=True)
              (dropout): Dropout(p=0.0, inplace=False)
            )
          )
          (intermediate): TimesformerIntermediate(
            (dense): Linear(in_features=768, out_features=3072, bias=True)
            (dropout): Dropout(p=0.0, inplace=False)
            (intermediate_act_fn): GELUActivation()
          )
          (output): TimesformerOutput(
            (dense): Linear(in_features=3072, out_features=768, bias=True)
            (dropout): Dropout(p=0.0, inplace=False)
          )
          (layernorm_before): LayerNorm((768,), eps=1e-06, elementwise_affine=True)
          (layernorm_after): LayerNorm((768,), eps=1e-06, elementwise_affine=True)
          (temporal_layernorm): LayerNorm((768,), eps=1e-06, elementwise_affine=True)
          (temporal_attention): TimeSformerAttention(
            (attention): TimesformerSelfAttention(
              (qkv): Linear(in_features=768, out_features=2304, bias=True)
              (attn_drop): Dropout(p=0.0, inplace=False)
            )
            (output): TimesformerSelfOutput(
              (dense): Linear(in_features=768, out_features=768, bias=True)
              (dropout): Dropout(p=0.0, inplace=False)
            )
          )
          (temporal_dense): Linear(in_features=768, out_features=768, bias=True)
        )
      )
    )
    (layernorm): LayerNorm((768,), eps=1e-06, elementwise_affine=True)
  )
  (classifier): Linear(in_features=768, out_features=5, bias=True)
)
2025-02-10 15:38:46,526 - train - INFO - Epoch 1/5, Train Loss: 1.5503
2025-02-10 15:38:48,656 - train - INFO - Epoch 1/5, Validation Loss: 2.2256
2025-02-10 15:41:00,904 - Train - INFO - Training started for model: space_time_facebook/timesformer-base-finetuned-k400_10-02-25
2025-02-10 15:41:00,904 - Train - INFO - Loading model
2025-02-10 15:41:04,079 - Train - INFO - Loading dataset from /Users/user/PycharmProjects/frozen-in-time/data/UcfCap/train_dataset.csv
2025-02-10 15:41:04,082 - Train - INFO - Device model: cpu
2025-02-10 15:41:04,361 - Train - INFO - TimesformerForVideoClassification(
  (timesformer): TimesformerModel(
    (embeddings): TimesformerEmbeddings(
      (patch_embeddings): TimesformerPatchEmbeddings(
        (projection): Conv2d(3, 768, kernel_size=(16, 16), stride=(16, 16))
      )
      (pos_drop): Dropout(p=0.0, inplace=False)
      (time_drop): Dropout(p=0.0, inplace=False)
    )
    (encoder): TimesformerEncoder(
      (layer): ModuleList(
        (0-11): 12 x TimesformerLayer(
          (drop_path): Identity()
          (attention): TimeSformerAttention(
            (attention): TimesformerSelfAttention(
              (qkv): Linear(in_features=768, out_features=2304, bias=True)
              (attn_drop): Dropout(p=0.0, inplace=False)
            )
            (output): TimesformerSelfOutput(
              (dense): Linear(in_features=768, out_features=768, bias=True)
              (dropout): Dropout(p=0.0, inplace=False)
            )
          )
          (intermediate): TimesformerIntermediate(
            (dense): Linear(in_features=768, out_features=3072, bias=True)
            (dropout): Dropout(p=0.0, inplace=False)
            (intermediate_act_fn): GELUActivation()
          )
          (output): TimesformerOutput(
            (dense): Linear(in_features=3072, out_features=768, bias=True)
            (dropout): Dropout(p=0.0, inplace=False)
          )
          (layernorm_before): LayerNorm((768,), eps=1e-06, elementwise_affine=True)
          (layernorm_after): LayerNorm((768,), eps=1e-06, elementwise_affine=True)
          (temporal_layernorm): LayerNorm((768,), eps=1e-06, elementwise_affine=True)
          (temporal_attention): TimeSformerAttention(
            (attention): TimesformerSelfAttention(
              (qkv): Linear(in_features=768, out_features=2304, bias=True)
              (attn_drop): Dropout(p=0.0, inplace=False)
            )
            (output): TimesformerSelfOutput(
              (dense): Linear(in_features=768, out_features=768, bias=True)
              (dropout): Dropout(p=0.0, inplace=False)
            )
          )
          (temporal_dense): Linear(in_features=768, out_features=768, bias=True)
        )
      )
    )
    (layernorm): LayerNorm((768,), eps=1e-06, elementwise_affine=True)
  )
  (classifier): Linear(in_features=768, out_features=5, bias=True)
)
2025-02-10 15:42:38,090 - train - INFO - Epoch 1/1, Train Loss: 1.9505
2025-02-10 15:42:40,145 - train - INFO - Epoch 1/1, Validation Loss: 2.1949
2025-02-10 15:42:40,868 - train - INFO - Model saved to /Users/user/PycharmProjects/frozen-in-time/data/models
2025-02-10 15:48:29,613 - Eval - INFO - Evaluation started for model: spacetime_transformer_ucf101.pth
2025-02-10 15:48:29,614 - Eval - INFO - Loading dataset from /Users/user/PycharmProjects/frozen-in-time/data/UcfCap/test_dataset.csv
2025-02-10 15:48:35,940 - Eval - INFO - [INFO] Classification Metrics
2025-02-10 16:00:02,216 - Eval - INFO - Evaluation started for model: spacetime_transformer_ucf101.pth
2025-02-10 16:00:02,217 - Eval - INFO - Loading dataset from /Users/user/PycharmProjects/frozen-in-time/data/UcfCap/test_dataset.csv
2025-02-10 16:00:06,425 - Eval - INFO - [INFO] Classification Metrics
2025-02-10 16:00:59,914 - Eval - INFO - Evaluation started for model: spacetime_transformer_ucf101.pth
2025-02-10 16:00:59,914 - Eval - INFO - Loading dataset from /Users/user/PycharmProjects/frozen-in-time/data/UcfCap/test_dataset.csv
2025-02-10 16:01:04,304 - Eval - INFO - [INFO] Classification Metrics
2025-02-10 16:12:28,795 - Train - INFO - Training started for model: space_time_facebook/timesformer-base-finetuned-k400_10-02-25
2025-02-10 16:12:28,796 - Train - INFO - Loading model
2025-02-10 16:12:31,207 - Train - INFO - Loading dataset from /Users/user/PycharmProjects/frozen-in-time/data/UcfCap/train_dataset.csv
2025-02-10 16:12:31,217 - Train - INFO - Device model: cpu
2025-02-10 16:18:59,905 - Eval - INFO - Evaluation started for model: spacetime_transformer_ucf101.pth
2025-02-10 16:18:59,906 - Eval - INFO - Loading dataset from /Users/user/PycharmProjects/frozen-in-time/data/UcfCap/test_dataset.csv
2025-02-10 16:18:59,911 - Eval - INFO - [INFO] Loaded pre-trained model: facebook/timesformer-base-finetuned-k400
2025-02-10 16:19:04,909 - Eval - INFO - [INFO] Classification Metrics
2025-02-10 16:52:21,159 - Eval - INFO - Evaluation started for model: spacetime_transformer_ucf101.pth
2025-02-10 16:52:21,160 - Eval - INFO - Loading dataset from /Users/user/PycharmProjects/frozen-in-time/data/UcfCap/test_dataset.csv
2025-02-10 16:52:21,163 - Eval - INFO - [INFO] Loaded fine_tuned model from: /Users/user/PycharmProjects/frozen-in-time/data/models/spacetime_transformer_ucf101.pth
2025-02-10 16:52:49,075 - Eval - INFO - Evaluation started for model: spacetime_transformer_ucf101.pth
2025-02-10 16:52:49,075 - Eval - INFO - Loading dataset from /Users/user/PycharmProjects/frozen-in-time/data/UcfCap/test_dataset.csv
2025-02-10 16:52:49,076 - Eval - INFO - [INFO] Loaded pre-trained model: facebook/timesformer-base-finetuned-k400
2025-02-10 16:52:53,513 - Eval - INFO - [INFO] Classification Metrics
2025-02-10 16:52:53,513 - Eval - INFO - [INFO] Classification Metrics
2025-02-10 16:52:53,514 - Eval - INFO - Accuracy: 0.00%
2025-02-10 16:52:53,533 - Eval - INFO - Precision: 0.0
2025-02-10 16:52:53,534 - Eval - INFO - Recall: 0.0
2025-02-10 16:52:53,534 - Eval - INFO - F1 Score: 0.0
2025-02-10 16:52:53,536 - Eval - INFO - Classification Report: 
              precision    recall  f1-score   support

           0       0.00      0.00      0.00       2.0
           1       0.00      0.00      0.00       2.0
          35       0.00      0.00      0.00       0.0
          69       0.00      0.00      0.00       0.0
         173       0.00      0.00      0.00       0.0
         356       0.00      0.00      0.00       0.0

    accuracy                           0.00       4.0
   macro avg       0.00      0.00      0.00       4.0
weighted avg       0.00      0.00      0.00       4.0

2025-02-10 16:53:56,295 - Eval - INFO - Evaluation started for model: spacetime_transformer_ucf101.pth
2025-02-10 16:53:56,296 - Eval - INFO - Loading dataset from /Users/user/PycharmProjects/frozen-in-time/data/UcfCap/test_dataset.csv
2025-02-10 16:53:56,299 - Eval - INFO - [INFO] Loaded pre-trained model: facebook/timesformer-base-finetuned-k400
2025-02-10 16:59:39,590 - Eval - INFO - Evaluation started for model: spacetime_transformer_ucf101.pth
2025-02-10 16:59:39,591 - Eval - INFO - Loading dataset from /Users/user/PycharmProjects/frozen-in-time/data/UcfCap/test_dataset.csv
2025-02-10 16:59:39,591 - Eval - INFO - [INFO] Loaded pre-trained model: facebook/timesformer-base-finetuned-k400
2025-02-10 16:59:44,154 - Eval - INFO - [INFO] Classification Metrics
2025-02-10 16:59:44,154 - Eval - INFO - [INFO] Classification Metrics
2025-02-10 16:59:44,155 - Eval - INFO - Accuracy: 0.00%
2025-02-10 16:59:44,158 - Eval - INFO - Precision: 0.0
2025-02-10 16:59:44,159 - Eval - INFO - Recall: 0.0
2025-02-10 16:59:44,160 - Eval - INFO - F1 Score: 0.0
2025-02-10 16:59:44,162 - Eval - INFO - Classification Report: 
              precision    recall  f1-score   support

           0       0.00      0.00      0.00       2.0
           1       0.00      0.00      0.00       2.0
          35       0.00      0.00      0.00       0.0
          69       0.00      0.00      0.00       0.0
         173       0.00      0.00      0.00       0.0
         356       0.00      0.00      0.00       0.0

    accuracy                           0.00       4.0
   macro avg       0.00      0.00      0.00       4.0
weighted avg       0.00      0.00      0.00       4.0

2025-02-10 17:00:59,459 - Eval - INFO - Evaluation started for model: spacetime_transformer_ucf101.pth
2025-02-10 17:00:59,460 - Eval - INFO - Loading dataset from /Users/user/PycharmProjects/frozen-in-time/data/UcfCap/test_dataset.csv
2025-02-10 17:00:59,466 - Eval - INFO - [INFO] Loaded pre-trained model: facebook/timesformer-base-finetuned-k400
2025-02-10 17:01:03,747 - Eval - INFO - [INFO] Classification Metrics
2025-02-10 17:01:03,748 - Eval - INFO - [INFO] Classification Metrics
2025-02-10 17:01:03,749 - Eval - INFO - Accuracy: 0.00%
2025-02-10 17:01:03,762 - Eval - INFO - Precision: 0.0
2025-02-10 17:01:03,763 - Eval - INFO - Recall: 0.0
2025-02-10 17:01:03,764 - Eval - INFO - F1 Score: 0.0
2025-02-10 17:01:03,766 - Eval - INFO - Classification Report: 
              precision    recall  f1-score   support

           0       0.00      0.00      0.00       2.0
           1       0.00      0.00      0.00       2.0
          35       0.00      0.00      0.00       0.0
          69       0.00      0.00      0.00       0.0
         173       0.00      0.00      0.00       0.0
         356       0.00      0.00      0.00       0.0

    accuracy                           0.00       4.0
   macro avg       0.00      0.00      0.00       4.0
weighted avg       0.00      0.00      0.00       4.0

2025-02-10 17:01:26,058 - Eval - INFO - Evaluation started for model: spacetime_transformer_ucf101.pth
2025-02-10 17:01:26,058 - Eval - INFO - Loading dataset from /Users/user/PycharmProjects/frozen-in-time/data/UcfCap/test_dataset.csv
2025-02-10 17:01:26,059 - Eval - INFO - [INFO] Loaded pre-trained model: facebook/timesformer-base-finetuned-k400
2025-02-10 17:01:30,300 - Eval - INFO - [INFO] Classification Metrics
2025-02-10 17:01:30,300 - Eval - INFO - [INFO] Classification Metrics
2025-02-10 17:01:30,300 - Eval - INFO - Accuracy: 0.00%
2025-02-10 17:01:30,303 - Eval - INFO - Precision: 0.0
2025-02-10 17:01:30,304 - Eval - INFO - Recall: 0.0
2025-02-10 17:01:30,304 - Eval - INFO - F1 Score: 0.0
2025-02-10 17:01:30,306 - Eval - INFO - Classification Report: 
              precision    recall  f1-score   support

           0       0.00      0.00      0.00       2.0
           1       0.00      0.00      0.00       2.0
          35       0.00      0.00      0.00       0.0
          69       0.00      0.00      0.00       0.0
         173       0.00      0.00      0.00       0.0
         356       0.00      0.00      0.00       0.0

    accuracy                           0.00       4.0
   macro avg       0.00      0.00      0.00       4.0
weighted avg       0.00      0.00      0.00       4.0

2025-02-10 17:01:54,678 - Eval - INFO - Evaluation started for model: spacetime_transformer_ucf101.pth
2025-02-10 17:01:54,678 - Eval - INFO - Loading dataset from /Users/user/PycharmProjects/frozen-in-time/data/UcfCap/test_dataset.csv
2025-02-10 17:01:54,679 - Eval - INFO - [INFO] Loaded pre-trained model: facebook/timesformer-base-finetuned-k400
2025-02-10 17:02:14,461 - Eval - INFO - Evaluation started for model: spacetime_transformer_ucf101.pth
2025-02-10 17:02:14,461 - Eval - INFO - Loading dataset from /Users/user/PycharmProjects/frozen-in-time/data/UcfCap/test_dataset.csv
2025-02-10 17:02:14,462 - Eval - INFO - [INFO] Loaded pre-trained model: facebook/timesformer-base-finetuned-k400
2025-02-10 17:02:20,263 - Eval - INFO - [INFO] Classification Metrics
2025-02-10 17:02:20,264 - Eval - INFO - [INFO] Classification Metrics
2025-02-10 17:02:20,264 - Eval - INFO - Accuracy: 0.00%
2025-02-10 17:02:20,267 - Eval - INFO - Precision: 0.0
2025-02-10 17:02:20,267 - Eval - INFO - Recall: 0.0
2025-02-10 17:02:20,268 - Eval - INFO - F1 Score: 0.0
2025-02-10 17:02:20,270 - Eval - INFO - Classification Report: 
              precision    recall  f1-score   support

           0       0.00      0.00      0.00       2.0
           1       0.00      0.00      0.00       2.0
           3       0.00      0.00      0.00       0.0
          10       0.00      0.00      0.00       0.0
          11       0.00      0.00      0.00       0.0

    accuracy                           0.00       4.0
   macro avg       0.00      0.00      0.00       4.0
weighted avg       0.00      0.00      0.00       4.0

2025-02-10 17:03:09,934 - Eval - INFO - Evaluation started for model: spacetime_transformer_ucf101.pth
2025-02-10 17:03:09,935 - Eval - INFO - Loading dataset from /Users/user/PycharmProjects/frozen-in-time/data/UcfCap/test_dataset.csv
2025-02-10 17:03:09,937 - Eval - INFO - [INFO] Loaded pre-trained model: facebook/timesformer-base-finetuned-k400
2025-02-10 17:25:16,767 - Eval - INFO - Evaluation started for model: spacetime_transformer_ucf101.pth
2025-02-10 17:25:16,768 - Eval - INFO - Loading dataset from /Users/user/PycharmProjects/frozen-in-time/data/UcfCap/test_dataset.csv
2025-02-10 17:25:16,776 - Eval - INFO - [INFO] Loaded fine_tuned model from: /Users/user/PycharmProjects/frozen-in-time/data/models/spacetime_transformer_ucf101.pth
2025-02-10 17:27:19,192 - Eval - INFO - Evaluation started for model: spacetime_transformer_ucf101.pth
2025-02-10 17:27:19,192 - Eval - INFO - Loading dataset from /Users/user/PycharmProjects/frozen-in-time/data/UcfCap/test_dataset.csv
2025-02-10 17:27:19,195 - Eval - INFO - [INFO] Loaded pre-trained model: facebook/timesformer-base-finetuned-k400
2025-02-10 17:30:43,996 - Eval - INFO - Evaluation started for model: spacetime_transformer_ucf101.pth
2025-02-10 17:30:43,998 - Eval - INFO - Loading dataset from /Users/user/PycharmProjects/frozen-in-time/data/UcfCap/test_dataset.csv
2025-02-10 17:30:43,999 - Eval - INFO - [INFO] Loaded pre-trained model: facebook/timesformer-base-finetuned-k400
2025-02-10 17:30:49,320 - Eval - INFO - [INFO] Classification Metrics
2025-02-10 17:30:49,321 - Eval - INFO - Accuracy: 25.00%
2025-02-10 17:30:49,336 - Eval - INFO - Precision: 0.5
2025-02-10 17:30:49,336 - Eval - INFO - Recall: 0.25
2025-02-10 17:30:49,337 - Eval - INFO - F1 Score: 0.3333333333333333
2025-02-10 17:30:49,339 - Eval - INFO - Classification Report: 
              precision    recall  f1-score   support

           0       0.00      0.00      0.00         2
           1       1.00      0.50      0.67         2
           8       0.00      0.00      0.00         0

    accuracy                           0.25         4
   macro avg       0.33      0.17      0.22         4
weighted avg       0.50      0.25      0.33         4

2025-02-10 17:31:43,220 - Eval - INFO - Evaluation started for model: spacetime_transformer_ucf101.pth
2025-02-10 17:31:43,221 - Eval - INFO - Loading dataset from /Users/user/PycharmProjects/frozen-in-time/data/UcfCap/test_dataset.csv
2025-02-10 17:31:43,222 - Eval - INFO - [INFO] Loaded pre-trained model: facebook/timesformer-base-finetuned-k400
2025-02-10 17:31:48,600 - Eval - INFO - [INFO] Classification Metrics
2025-02-10 17:31:48,600 - Eval - INFO - Accuracy: 0.00%
2025-02-10 17:31:48,603 - Eval - INFO - Precision: 0.0
2025-02-10 17:31:48,604 - Eval - INFO - Recall: 0.0
2025-02-10 17:31:48,604 - Eval - INFO - F1 Score: 0.0
2025-02-10 17:31:48,606 - Eval - INFO - Classification Report: 
              precision    recall  f1-score   support

           0       0.00      0.00      0.00       2.0
           1       0.00      0.00      0.00       2.0
           5       0.00      0.00      0.00       0.0
           6       0.00      0.00      0.00       0.0
           8       0.00      0.00      0.00       0.0

    accuracy                           0.00       4.0
   macro avg       0.00      0.00      0.00       4.0
weighted avg       0.00      0.00      0.00       4.0

2025-02-10 17:32:15,790 - Eval - INFO - Evaluation started for model: spacetime_transformer_ucf101.pth
2025-02-10 17:32:15,790 - Eval - INFO - Loading dataset from /Users/user/PycharmProjects/frozen-in-time/data/UcfCap/test_dataset.csv
2025-02-10 17:32:15,791 - Eval - INFO - [INFO] Loaded pre-trained model: facebook/timesformer-base-finetuned-k400
2025-02-10 17:32:22,389 - Eval - INFO - [INFO] Classification Metrics
2025-02-10 17:32:22,389 - Eval - INFO - Accuracy: 0.00%
2025-02-10 17:32:22,392 - Eval - INFO - Precision: 0.0
2025-02-10 17:32:22,392 - Eval - INFO - Recall: 0.0
2025-02-10 17:32:22,393 - Eval - INFO - F1 Score: 0.0
2025-02-10 17:32:22,395 - Eval - INFO - Classification Report: 
              precision    recall  f1-score   support

           0       0.00      0.00      0.00       2.0
           1       0.00      0.00      0.00       2.0
           8       0.00      0.00      0.00       0.0

    accuracy                           0.00       4.0
   macro avg       0.00      0.00      0.00       4.0
weighted avg       0.00      0.00      0.00       4.0

2025-02-10 17:33:55,404 - Eval - INFO - Evaluation started for model: spacetime_transformer_ucf101.pth
2025-02-10 17:33:55,404 - Eval - INFO - Loading dataset from /Users/user/PycharmProjects/frozen-in-time/data/UcfCap/test_dataset.csv
2025-02-10 17:33:55,405 - Eval - INFO - [INFO] Loaded pre-trained model: facebook/timesformer-base-finetuned-k400
2025-02-10 17:38:50,945 - Eval - INFO - Evaluation started for model: spacetime_transformer_ucf101.pth
2025-02-10 17:38:50,946 - Eval - INFO - Loading dataset from /Users/user/PycharmProjects/frozen-in-time/data/UcfCap/test_dataset.csv
2025-02-10 17:38:50,947 - Eval - INFO - [INFO] Loaded pre-trained model: facebook/timesformer-base-finetuned-k400
2025-02-10 17:39:55,711 - Eval - INFO - Evaluation started for model: spacetime_transformer_ucf101.pth
2025-02-10 17:39:55,712 - Eval - INFO - Loading dataset from /Users/user/PycharmProjects/frozen-in-time/data/UcfCap/test_dataset.csv
2025-02-10 17:39:55,712 - Eval - INFO - [INFO] Loaded pre-trained model: facebook/timesformer-base-finetuned-k400
2025-02-10 17:40:01,203 - Eval - INFO - [INFO] Classification Metrics
2025-02-10 17:40:01,203 - Eval - INFO - Accuracy: 0.00%
2025-02-10 17:40:01,207 - Eval - INFO - Precision: 0.0
2025-02-10 17:40:01,207 - Eval - INFO - Recall: 0.0
2025-02-10 17:40:01,208 - Eval - INFO - F1 Score: 0.0
2025-02-10 17:40:01,210 - Eval - INFO - Classification Report: 
              precision    recall  f1-score   support

           0       0.00      0.00      0.00       2.0
           1       0.00      0.00      0.00       2.0
           2       0.00      0.00      0.00       0.0
          10       0.00      0.00      0.00       0.0
          11       0.00      0.00      0.00       0.0

    accuracy                           0.00       4.0
   macro avg       0.00      0.00      0.00       4.0
weighted avg       0.00      0.00      0.00       4.0

2025-02-10 17:40:16,086 - Train - INFO - Training started for model: space_time_facebook/timesformer-base-finetuned-k400_10-02-25
2025-02-10 17:40:16,086 - Train - INFO - Loading model
2025-02-10 17:40:16,350 - Train - INFO - Loading dataset from /Users/user/PycharmProjects/frozen-in-time/data/UcfCap/train_dataset.csv
2025-02-10 17:40:16,361 - Train - INFO - Device model: cpu
2025-02-10 17:40:28,290 - Train - INFO - Training started for model: space_time_facebook/timesformer-base-finetuned-k400_10-02-25
2025-02-10 17:40:28,290 - Train - INFO - Loading model
2025-02-10 17:40:30,088 - Train - INFO - Loading dataset from /Users/user/PycharmProjects/frozen-in-time/data/UcfCap/train_dataset.csv
2025-02-10 17:40:30,090 - Train - INFO - Device model: cpu
2025-02-11 13:01:30,276 - Train - INFO - Training started for model: space_time_facebook/timesformer-base-finetuned-k400_11-02-25
2025-02-11 13:01:30,277 - Train - INFO - Loading model
2025-02-11 13:01:32,296 - Train - INFO - Loading dataset from /Users/user/PycharmProjects/frozen-in-time/data/UcfCap/train_dataset.csv
2025-02-11 13:01:32,308 - Train - INFO - Device model: cpu
2025-02-13 17:02:34,512 - Train - INFO - Training started for model: space_time_facebook/timesformer-base-finetuned-k400_13-02-25
2025-02-13 17:02:34,512 - Train - INFO - Loading model
2025-02-13 17:02:36,652 - Train - INFO - Loading dataset from /Users/user/PycharmProjects/frozen-in-time/data/UcfCap/train_dataset.csv
2025-02-13 17:02:36,662 - Train - INFO - Device model: cpu
2025-02-13 17:04:17,509 - Train - INFO - Training started for model: space_time_facebook/timesformer-base-finetuned-k400_13-02-25
2025-02-13 17:04:17,510 - Train - INFO - Loading model
2025-02-13 17:04:19,615 - Train - INFO - Loading dataset from /Users/user/PycharmProjects/frozen-in-time/data/UcfCap/train_dataset.csv
2025-02-13 17:04:19,616 - Train - INFO - Device model: cpu
2025-02-13 17:15:01,310 - Train - INFO - Training started for model: space_time_facebook/timesformer-base-finetuned-k400_13-02-25
2025-02-13 17:15:01,310 - Train - INFO - Loading model
2025-02-13 17:15:01,609 - Train - INFO - Loading dataset from /Users/user/PycharmProjects/frozen-in-time/data/UcfCap/train_dataset.csv
2025-02-13 17:15:01,620 - Train - INFO - Device model: cpu
2025-02-13 17:18:20,316 - Train - INFO - Training started for model: space_time_facebook/timesformer-base-finetuned-k400_13-02-25
2025-02-13 17:18:20,316 - Train - INFO - Loading model
2025-02-13 17:18:43,245 - Train - INFO - Training started for model: space_time_facebook/timesformer-base-finetuned-k400_13-02-25
2025-02-13 17:18:43,245 - Train - INFO - Loading model
2025-02-13 17:18:43,321 - Train - INFO - Loading dataset from /Users/user/PycharmProjects/frozen-in-time/data/UcfCap/train_dataset.csv
2025-02-13 17:18:43,323 - Train - INFO - Device model: cpu
2025-02-13 17:20:13,043 - Train - INFO - Training started for model: space_time_facebook/timesformer-base-finetuned-k400_13-02-25
2025-02-13 17:20:13,043 - Train - INFO - Loading model
2025-02-13 17:20:13,113 - Train - INFO - Loading dataset from /Users/user/PycharmProjects/frozen-in-time/data/UcfCap/train_dataset.csv
2025-02-13 17:20:13,114 - Train - INFO - Device model: cpu
2025-02-13 17:24:34,403 - Train - INFO - Training started for model: space_time_facebook/timesformer-base-finetuned-k400_13-02-25
2025-02-13 17:24:34,403 - Train - INFO - Loading model
2025-02-13 17:24:34,458 - Train - INFO - Loading dataset from /Users/user/PycharmProjects/frozen-in-time/data/UcfCap/train_dataset.csv
2025-02-13 17:24:34,460 - Train - INFO - Device model: cpu
2025-02-13 17:28:44,575 - Train - INFO - Training started for model: space_time_facebook/timesformer-base-finetuned-k400_13-02-25
2025-02-13 17:28:44,576 - Train - INFO - Loading model
2025-02-13 17:28:44,632 - Train - INFO - Loading dataset from /Users/user/PycharmProjects/frozen-in-time/data/UcfCap/train_dataset.csv
2025-02-13 17:28:44,635 - Train - INFO - Device model: cpu
2025-02-13 17:28:50,000 - train - INFO - Epoch 1/10, Train Loss: 1.6886
2025-02-13 17:29:15,528 - Train - INFO - Training started for model: space_time_facebook/timesformer-base-finetuned-k400_13-02-25
2025-02-13 17:29:15,528 - Train - INFO - Loading model
2025-02-13 17:29:15,593 - Train - INFO - Loading dataset from /Users/user/PycharmProjects/frozen-in-time/data/UcfCap/train_dataset.csv
2025-02-13 17:29:15,595 - Train - INFO - Device model: cpu
2025-02-13 17:29:22,961 - train - INFO - Epoch 1/10, Train Loss: 1.7565
2025-02-13 17:29:23,521 - train - INFO - Epoch 1/10, Validation Loss: 1.9812
2025-02-13 17:29:29,060 - train - INFO - Epoch 2/10, Train Loss: 1.6274
2025-02-13 17:29:29,473 - train - INFO - Epoch 2/10, Validation Loss: 1.8427
2025-02-13 17:29:34,714 - train - INFO - Epoch 3/10, Train Loss: 1.5249
2025-02-13 17:29:35,113 - train - INFO - Epoch 3/10, Validation Loss: 1.7430
2025-02-13 17:29:39,630 - train - INFO - Epoch 4/10, Train Loss: 1.4455
2025-02-13 17:29:40,026 - train - INFO - Epoch 4/10, Validation Loss: 1.6745
2025-02-13 17:29:44,582 - train - INFO - Epoch 5/10, Train Loss: 1.3833
2025-02-13 17:29:44,979 - train - INFO - Epoch 5/10, Validation Loss: 1.6298
2025-02-13 17:29:49,537 - train - INFO - Epoch 6/10, Train Loss: 1.3312
2025-02-13 17:29:49,930 - train - INFO - Epoch 6/10, Validation Loss: 1.6024
2025-02-13 17:29:54,991 - train - INFO - Epoch 7/10, Train Loss: 1.2837
2025-02-13 17:29:55,383 - train - INFO - Epoch 7/10, Validation Loss: 1.5877
2025-02-13 17:30:00,722 - train - INFO - Epoch 8/10, Train Loss: 1.2379
2025-02-13 17:30:01,117 - train - INFO - Epoch 8/10, Validation Loss: 1.5825
2025-02-13 17:30:06,338 - train - INFO - Epoch 9/10, Train Loss: 1.1933
2025-02-13 17:30:06,712 - train - INFO - Epoch 9/10, Validation Loss: 1.5847
2025-02-13 17:30:11,947 - train - INFO - Epoch 10/10, Train Loss: 1.1501
2025-02-13 17:30:12,345 - train - INFO - Epoch 10/10, Validation Loss: 1.5930
2025-02-13 17:32:13,336 - Train - INFO - Training started for model: space_time_facebook/timesformer-base-finetuned-k400_13-02-25
2025-02-13 17:32:13,336 - Train - INFO - Loading model
2025-02-13 17:32:13,391 - Train - INFO - Loading dataset from /Users/user/PycharmProjects/frozen-in-time/data/UcfCap/train_dataset.csv
2025-02-13 17:32:13,393 - Train - INFO - Device model: cpu
2025-02-13 17:32:18,544 - train - INFO - Epoch 1/10, Train Loss: 1.5859
2025-02-13 17:32:18,954 - train - INFO - Epoch 1/10, Validation Loss: 1.6328
2025-02-13 17:32:23,209 - train - INFO - Epoch 2/10, Train Loss: 1.4837
2025-02-13 17:32:23,608 - train - INFO - Epoch 2/10, Validation Loss: 1.6129
2025-02-13 17:32:28,091 - train - INFO - Epoch 3/10, Train Loss: 1.4079
2025-02-13 17:32:28,485 - train - INFO - Epoch 3/10, Validation Loss: 1.6217
2025-02-13 17:32:33,100 - train - INFO - Epoch 4/10, Train Loss: 1.3506
2025-02-13 17:32:33,557 - train - INFO - Epoch 4/10, Validation Loss: 1.6466
2025-02-13 17:32:38,649 - train - INFO - Epoch 5/10, Train Loss: 1.3034
2025-02-13 17:32:39,038 - train - INFO - Epoch 5/10, Validation Loss: 1.6782
2025-02-13 17:32:44,191 - train - INFO - Epoch 6/10, Train Loss: 1.2608
2025-02-13 17:32:44,604 - train - INFO - Epoch 6/10, Validation Loss: 1.7105
2025-02-13 17:32:50,448 - train - INFO - Epoch 7/10, Train Loss: 1.2205
2025-02-13 17:32:50,867 - train - INFO - Epoch 7/10, Validation Loss: 1.7404
2025-02-13 17:32:55,901 - train - INFO - Epoch 8/10, Train Loss: 1.1817
2025-02-13 17:32:56,374 - train - INFO - Epoch 8/10, Validation Loss: 1.7667
2025-02-13 17:33:02,295 - train - INFO - Epoch 9/10, Train Loss: 1.1446
2025-02-13 17:33:02,867 - train - INFO - Epoch 9/10, Validation Loss: 1.7894
2025-02-13 17:33:09,686 - train - INFO - Epoch 10/10, Train Loss: 1.1095
2025-02-13 17:33:10,320 - train - INFO - Epoch 10/10, Validation Loss: 1.8087
2025-02-13 17:36:02,721 - Train - INFO - Training started for model: space_time_facebook/timesformer-base-finetuned-k400_13-02-25
2025-02-13 17:36:02,721 - Train - INFO - Loading model
2025-02-13 17:36:02,778 - Train - INFO - Loading dataset from /Users/user/PycharmProjects/frozen-in-time/data/UcfCap/train_dataset.csv
2025-02-13 17:36:02,780 - Train - INFO - Device model: cpu
2025-02-13 17:36:13,056 - Train - INFO - Training started for model: space_time_facebook/timesformer-base-finetuned-k400_13-02-25
2025-02-13 17:36:13,056 - Train - INFO - Loading model
2025-02-13 17:36:13,112 - Train - INFO - Loading dataset from /Users/user/PycharmProjects/frozen-in-time/data/UcfCap/train_dataset.csv
2025-02-13 17:36:13,113 - Train - INFO - Device model: cpu
2025-02-13 17:36:19,027 - train - INFO - Epoch 1/1, Train Loss: 1.7794
2025-02-13 17:36:19,448 - train - INFO - Epoch 1/1, Validation Loss: 1.7462
2025-02-13 17:36:19,570 - train - INFO - Model saved to /Users/user/PycharmProjects/frozen-in-time/data/models
2025-02-13 17:36:19,570 - train - INFO - Model ciccio_13-02-25 saved to /Users/user/PycharmProjects/frozen-in-time/data/models
2025-02-13 17:39:37,671 - Eval - INFO - Evaluation started for model: spacetime_transformer_ucf101.pth
2025-02-13 17:39:37,671 - Eval - INFO - Loading dataset from /Users/user/PycharmProjects/frozen-in-time/data/UcfCap/test_dataset.csv
2025-02-13 17:39:56,318 - Eval - INFO - Evaluation started for model: ciccio_13-02-25
2025-02-13 17:39:56,318 - Eval - INFO - Loading dataset from /Users/user/PycharmProjects/frozen-in-time/data/UcfCap/test_dataset.csv
2025-02-13 17:40:22,134 - Eval - INFO - Evaluation started for model: space_time_ciccio_13-02-25
2025-02-13 17:40:22,134 - Eval - INFO - Loading dataset from /Users/user/PycharmProjects/frozen-in-time/data/UcfCap/test_dataset.csv
2025-02-13 17:41:05,857 - Eval - INFO - Evaluation started for model: space_time_ciccio_13-02-25
2025-02-13 17:41:05,857 - Eval - INFO - Loading dataset from /Users/user/PycharmProjects/frozen-in-time/data/UcfCap/test_dataset.csv
2025-02-13 17:41:06,364 - Eval - INFO - [INFO] Classification Metrics
2025-02-13 17:41:06,364 - Eval - INFO - Accuracy: 25.00%
2025-02-13 17:41:06,378 - Eval - INFO - Precision: 0.25
2025-02-13 17:41:06,378 - Eval - INFO - Recall: 0.25
2025-02-13 17:41:06,379 - Eval - INFO - F1 Score: 0.25
2025-02-13 17:41:06,381 - Eval - INFO - Classification Report: 
              precision    recall  f1-score   support

           0       0.00      0.00      0.00         2
           1       0.50      0.50      0.50         2
           3       0.00      0.00      0.00         0

    accuracy                           0.25         4
   macro avg       0.17      0.17      0.17         4
weighted avg       0.25      0.25      0.25         4

