2025-09-30 17:20:59,044 - Train - INFO - Training started for model: space_time_facebook/timesformer-base-finetuned-k400_30-09-25
2025-09-30 17:20:59,044 - Train - INFO - Loading model
2025-09-30 17:21:01,428 - Train - INFO - Loading dataset from /Users/user/PycharmProjects/frozen-in-time/data/UcfCap/train_dataset.csv
2025-09-30 17:21:01,451 - Train - INFO - Device model: cpu
2025-09-30 17:23:34,901 - train - INFO - Epoch 1/100, Train Loss: 2.0573
2025-09-30 17:24:38,261 - train - INFO - Epoch 1/100, Validation Loss: 1.9948
2025-09-30 17:25:45,063 - Train - INFO - Training started for model: space_time_facebook/timesformer-base-finetuned-k400_30-09-25
2025-09-30 17:25:45,063 - Train - INFO - Loading model
2025-09-30 17:25:47,489 - Train - INFO - Loading dataset from /Users/user/PycharmProjects/frozen-in-time/data/UcfCap/train_dataset.csv
2025-09-30 17:25:47,510 - Train - INFO - Device model: cpu
2025-09-30 17:27:36,900 - train - INFO - Epoch 1/1, Train Loss: 2.0229
2025-09-30 17:28:49,709 - train - INFO - Epoch 1/1, Validation Loss: 1.9899
2025-09-30 17:28:51,582 - train - INFO - Model Test_30-09-25 saved to /Users/user/PycharmProjects/frozen-in-time/data/models
2025-09-30 17:28:52,191 - train - INFO - Loss curve saved to /Users/user/PycharmProjects/frozen-in-time/data/models/train_plots/loss_curve_Test_30-09-25.png
2025-10-03 11:06:24,065 - Train - INFO - Training started for model: space_time_facebook/timesformer-base-finetuned-k400_03-10-25
2025-10-03 11:06:24,065 - Train - INFO - Loading model
2025-10-03 11:06:26,387 - Train - INFO - Loading dataset from /Users/user/PycharmProjects/frozen-in-time/data/UcfCap/train_dataset.csv
2025-10-03 11:07:19,883 - Train - INFO - Training started for model: space_time_facebook/timesformer-base-finetuned-k400_03-10-25
2025-10-03 11:07:19,883 - Train - INFO - Loading model
2025-10-03 11:07:21,972 - Train - INFO - Loading dataset from /Users/user/PycharmProjects/frozen-in-time/data/UcfCap/train_dataset.csv
2025-10-03 11:07:21,988 - Train - INFO - Device model: cpu
2025-10-03 11:18:08,884 - Train - INFO - Training started for model: space_time_facebook/timesformer-base-finetuned-k400_03-10-25
2025-10-03 11:18:08,884 - Train - INFO - Loading model
2025-10-03 11:18:10,907 - Train - INFO - Loading dataset from /Users/user/PycharmProjects/frozen-in-time/data/UcfCap/train_dataset.csv
2025-10-03 11:18:10,921 - Train - INFO - Device model: cpu
2025-10-03 11:18:43,679 - Train - INFO - Training started for model: space_time_facebook/timesformer-base-finetuned-k400_03-10-25
2025-10-03 11:18:43,679 - Train - INFO - Loading model
2025-10-03 11:18:45,616 - Train - INFO - Loading dataset from /Users/user/PycharmProjects/frozen-in-time/data/UcfCap/train_dataset.csv
2025-10-03 11:18:45,638 - Train - INFO - Device model: cpu
2025-10-03 11:22:03,000 - Train - INFO - Training started for model: space_time_facebook/timesformer-base-finetuned-k400_03-10-25
2025-10-03 11:22:03,000 - Train - INFO - Loading model
2025-10-03 11:22:05,112 - Train - INFO - Loading dataset from /Users/user/PycharmProjects/frozen-in-time/data/UcfCap/train_dataset.csv
2025-10-03 11:22:05,122 - Train - INFO - Device model: cpu
2025-10-03 11:23:13,118 - Train - INFO - Training started for model: space_time_facebook/timesformer-base-finetuned-k400_03-10-25
2025-10-03 11:23:13,118 - Train - INFO - Loading model
2025-10-03 11:23:15,104 - Train - INFO - Loading dataset from /Users/user/PycharmProjects/frozen-in-time/data/UcfCap/train_dataset.csv
2025-10-03 11:23:15,113 - Train - INFO - Device model: cpu
2025-10-03 11:27:49,628 - Train - INFO - Training started for model: space_time_facebook/timesformer-base-finetuned-k400_03-10-25
2025-10-03 11:27:49,628 - Train - INFO - Loading model
2025-10-03 11:27:51,688 - Train - INFO - Loading dataset from /Users/user/PycharmProjects/frozen-in-time/data/UcfCap/train_dataset.csv
2025-10-03 11:27:51,701 - Train - INFO - Device model: cpu
